src/components/Badge.tsx(19,3): error TS6133: 'variant' is declared but its value is never read.
src/components/Footer.tsx(16,1): error TS6133: 'BrandingSettings' is declared but its value is never read.
src/components/lumba/TopBarFilters.tsx(71,45): error TS6133: 'idx' is declared but its value is never read.
src/components/StatusBadge.tsx(1,1): error TS6133: 'React' is declared but its value is never read.
src/config/colors.ts(96,40): error TS6133: 'opacity' is declared but its value is never read.
src/pages/admin/CuentaInfoPage.tsx(11,30): error TS6133: 'CuentaStatus' is declared but its value is never read.
src/pages/admin/CuentasPage.tsx(2,1): error TS6192: All imports in import declaration are unused.
src/pages/ComponentsLab.tsx(29,9): error TS6133: 'theme' is declared but its value is never read.
src/pages/Home.tsx(28,10): error TS6133: 'branding' is declared but its value is never read.
